takuho@takuhonoMacBook-Air Desktop % mkdir git_challenge && cd $_
takuho@takuhonoMacBook-Air git_challenge % git init
takuho@takuhonoMacBook-Air git_challenge % touch hello_world.txt
takuho@takuhonoMacBook-Air git_challenge % echo Hello, world! > hello_world.txt
takuho@takuhonoMacBook-Air git_challenge % git add .
takuho@takuhonoMacBook-Air git_challenge % git commit -m "hello_world.txtを追加"
[main (root-commit) 2f227ae] hello_world.txtを追加
 1 file changed, 1 insertion(+)
 create mode 100644 hello_world.txt
takuho@takuhonoMacBook-Air git_challenge % echo こんにちは、世界! >> hello_world.txt
takuho@takuhonoMacBook-Air git_challenge % git add .
takuho@takuhonoMacBook-Air git_challenge % git commit -m "日本語訳を追記"
[main a429cd1] 日本語訳を追記
 1 file changed, 1 insertion(+)