takuho@takuhonoMacBook-Air Desktop % mkdir git_challenge
takuho@takuhonoMacBook-Air Desktop % cd git_challenge
takuho@takuhonoMacBook-Air git_challenge % git init
Reinitialized existing Git repository in /Users/takuho/Desktop/git_challenge/.git/
takuho@takuhonoMacBook-Air git_challenge % echo "Hello, world" > hello_world.txt 
takuho@takuhonoMacBook-Air git_challenge % git add .
takuho@takuhonoMacBook-Air git_challenge % git commit -m "hello_world.txtを追加"
[main (root-commit) 8630dfc] hello_world.txtを追加
 1 file changed, 1 insertion(+)
 create mode 100644 hello_world.txt
takuho@takuhonoMacBook-Air git_challenge % echo "こんにちは、世界" >> hello_world.txt
takuho@takuhonoMacBook-Air git_challenge % git add .
takuho@takuhonoMacBook-Air git_challenge % git commit -m "日本語訳を追記"
[main cf1d230] 日本語訳を追記
 1 file changed, 1 insertion(+)
takuho@takuhonoMacBook-Air git_challenge % git log --oneline
cf1d230 (HEAD -> main) 日本語訳を追記
8630dfc hello_world.txtを追加